------------------------------------------------------------
Timing Analyzer Summary
------------------------------------------------------------

Type  : Slow 1100mV 85C Model Setup 'selector'
Slack : -0.697
TNS   : -1.609

Type  : Slow 1100mV 85C Model Hold 'selector'
Slack : 0.315
TNS   : 0.000

Type  : Slow 1100mV 85C Model Recovery 'selector'
Slack : -0.079
TNS   : -0.461

Type  : Slow 1100mV 85C Model Removal 'selector'
Slack : 0.569
TNS   : 0.000

Type  : Slow 1100mV 85C Model Minimum Pulse Width 'selector'
Slack : -0.394
TNS   : -3.667

Type  : Slow 1100mV 0C Model Setup 'selector'
Slack : -0.732
TNS   : -1.881

Type  : Slow 1100mV 0C Model Hold 'selector'
Slack : 0.299
TNS   : 0.000

Type  : Slow 1100mV 0C Model Recovery 'selector'
Slack : -0.037
TNS   : -0.208

Type  : Slow 1100mV 0C Model Removal 'selector'
Slack : 0.533
TNS   : 0.000

Type  : Slow 1100mV 0C Model Minimum Pulse Width 'selector'
Slack : -0.394
TNS   : -3.990

Type  : Fast 1100mV 85C Model Setup 'selector'
Slack : 0.041
TNS   : 0.000

Type  : Fast 1100mV 85C Model Hold 'selector'
Slack : 0.173
TNS   : 0.000

Type  : Fast 1100mV 85C Model Recovery 'selector'
Slack : 0.384
TNS   : 0.000

Type  : Fast 1100mV 85C Model Removal 'selector'
Slack : 0.310
TNS   : 0.000

Type  : Fast 1100mV 85C Model Minimum Pulse Width 'selector'
Slack : -0.077
TNS   : -0.529

Type  : Fast 1100mV 0C Model Setup 'selector'
Slack : 0.081
TNS   : 0.000

Type  : Fast 1100mV 0C Model Hold 'selector'
Slack : 0.160
TNS   : 0.000

Type  : Fast 1100mV 0C Model Recovery 'selector'
Slack : 0.424
TNS   : 0.000

Type  : Fast 1100mV 0C Model Removal 'selector'
Slack : 0.282
TNS   : 0.000

Type  : Fast 1100mV 0C Model Minimum Pulse Width 'selector'
Slack : -0.078
TNS   : -0.540

------------------------------------------------------------
