Partition Merge report for pipeline
Fri Nov 22 02:57:35 2024
Quartus Prime Version 20.1.0 Build 711 06/05/2020 SJ Lite Edition


---------------------
; Table of Contents ;
---------------------
  1. Legal Notice
  2. Partition Merge Summary
  3. Partition Merge Netlist Types Used
  4. Connections to In-System Debugging Instance "auto_signaltap_0"
  5. Partition Merge Partition Statistics
  6. Partition Merge Partition Pin Processing
  7. Partition Merge Resource Usage Summary
  8. Partition Merge RAM Summary
  9. Partition Merge DSP Block Usage Summary
 10. Partition Merge Messages



----------------
; Legal Notice ;
----------------
Copyright (C) 2020  Intel Corporation. All rights reserved.
Your use of Intel Corporation's design tools, logic functions 
and other software and tools, and any partner logic 
functions, and any output files from any of the foregoing 
(including device programming or simulation files), and any 
associated documentation or information are expressly subject 
to the terms and conditions of the Intel Program License 
Subscription Agreement, the Intel Quartus Prime License Agreement,
the Intel FPGA IP License Agreement, or other applicable license
agreement, including, without limitation, that your use is for
the sole purpose of programming logic devices manufactured by
Intel and sold by Intel or its authorized distributors.  Please
refer to the applicable agreement for further details, at
https://fpgasoftware.intel.com/eula.



+-------------------------------------------------------------------------------+
; Partition Merge Summary                                                       ;
+---------------------------------+---------------------------------------------+
; Partition Merge Status          ; Successful - Fri Nov 22 02:57:35 2024       ;
; Quartus Prime Version           ; 20.1.0 Build 711 06/05/2020 SJ Lite Edition ;
; Revision Name                   ; pipeline                                    ;
; Top-level Entity Name           ; uniciclo                                    ;
; Family                          ; Cyclone V                                   ;
; Logic utilization (in ALMs)     ; N/A                                         ;
; Total registers                 ; 1321                                        ;
; Total pins                      ; 33                                          ;
; Total virtual pins              ; 0                                           ;
; Total block memory bits         ; 4,204,672                                   ;
; Total DSP Blocks                ; 4                                           ;
; Total HSSI RX PCSs              ; 0                                           ;
; Total HSSI PMA RX Deserializers ; 0                                           ;
; Total HSSI TX PCSs              ; 0                                           ;
; Total HSSI PMA TX Serializers   ; 0                                           ;
; Total PLLs                      ; 3                                           ;
; Total DLLs                      ; 0                                           ;
+---------------------------------+---------------------------------------------+


+-------------------------------------------------------------------------------------------------------------------------------+
; Partition Merge Netlist Types Used                                                                                            ;
+--------------------------------+----------------+-------------------+------------------------+--------------------------------+
; Partition Name                 ; Partition Type ; Netlist Type Used ; Netlist Type Requested ; Partition Contents             ;
+--------------------------------+----------------+-------------------+------------------------+--------------------------------+
; Top                            ; User-created   ; Source File       ; Source File            ;                                ;
; sld_hub:auto_hub               ; Auto-generated ; Post-Synthesis    ; Post-Synthesis         ; sld_hub:auto_hub               ;
; sld_signaltap:auto_signaltap_0 ; Auto-generated ; Post-Synthesis    ; Post-Synthesis         ; sld_signaltap:auto_signaltap_0 ;
; hard_block:auto_generated_inst ; Auto-generated ; Source File       ; Source File            ; hard_block:auto_generated_inst ;
+--------------------------------+----------------+-------------------+------------------------+--------------------------------+


+----------------------------------------------------------------------------------------------------------------------------------------------------------------------------------------------------------------------------------------------------------------------------------------------------------------------------+
; Connections to In-System Debugging Instance "auto_signaltap_0"                                                                                                                                                                                                                                                             ;
+----------------------------------------------------------------------------------------------------------------+---------------+-----------+--------------------------------+-------------------+----------------------------------------------------------------------------------------------------------------+---------+
; Name                                                                                                           ; Type          ; Status    ; Partition Name                 ; Netlist Type Used ; Actual Connection                                                                                              ; Details ;
+----------------------------------------------------------------------------------------------------------------+---------------+-----------+--------------------------------+-------------------+----------------------------------------------------------------------------------------------------------------+---------+
; byteRam:memoriaDatos|vgaSignal[0]                                                                              ; pre-synthesis ; connected ; Top                            ; post-synthesis    ; byteRam:memoriaDatos|address12[0]                                                                              ; N/A     ;
; byteRam:memoriaDatos|vgaSignal[0]                                                                              ; pre-synthesis ; connected ; Top                            ; post-synthesis    ; byteRam:memoriaDatos|address12[0]                                                                              ; N/A     ;
; byteRam:memoriaDatos|vgaSignal[1]                                                                              ; pre-synthesis ; connected ; Top                            ; post-synthesis    ; GND                                                                                                            ; N/A     ;
; byteRam:memoriaDatos|vgaSignal[1]                                                                              ; pre-synthesis ; connected ; Top                            ; post-synthesis    ; GND                                                                                                            ; N/A     ;
; byteRam:memoriaDatos|vgaSignal[2]                                                                              ; pre-synthesis ; connected ; Top                            ; post-synthesis    ; GND                                                                                                            ; N/A     ;
; byteRam:memoriaDatos|vgaSignal[2]                                                                              ; pre-synthesis ; connected ; Top                            ; post-synthesis    ; GND                                                                                                            ; N/A     ;
; mux:muxVGAaddress1|s[0]                                                                                        ; pre-synthesis ; connected ; Top                            ; post-synthesis    ; byteRam:memoriaDatos|address12[0]                                                                              ; N/A     ;
; mux:muxVGAaddress1|s[0]                                                                                        ; pre-synthesis ; connected ; Top                            ; post-synthesis    ; byteRam:memoriaDatos|address12[0]                                                                              ; N/A     ;
; mux:muxVGAaddress2|s[0]                                                                                        ; pre-synthesis ; connected ; Top                            ; post-synthesis    ; byteRam:memoriaDatos|address12[0]                                                                              ; N/A     ;
; mux:muxVGAaddress2|s[0]                                                                                        ; pre-synthesis ; connected ; Top                            ; post-synthesis    ; byteRam:memoriaDatos|address12[0]                                                                              ; N/A     ;
; mux:muxVGAaddress|s[0]                                                                                         ; pre-synthesis ; connected ; Top                            ; post-synthesis    ; byteRam:memoriaDatos|address12[0]                                                                              ; N/A     ;
; mux:muxVGAaddress|s[0]                                                                                         ; pre-synthesis ; connected ; Top                            ; post-synthesis    ; byteRam:memoriaDatos|address12[0]                                                                              ; N/A     ;
; auto_signaltap_0|gnd                                                                                           ; post-fitting  ; connected ; sld_signaltap:auto_signaltap_0 ; post-synthesis    ; sld_signaltap:auto_signaltap_0|~GND                                                                            ; N/A     ;
; auto_signaltap_0|gnd                                                                                           ; post-fitting  ; connected ; sld_signaltap:auto_signaltap_0 ; post-synthesis    ; sld_signaltap:auto_signaltap_0|~GND                                                                            ; N/A     ;
; auto_signaltap_0|gnd                                                                                           ; post-fitting  ; connected ; sld_signaltap:auto_signaltap_0 ; post-synthesis    ; sld_signaltap:auto_signaltap_0|~GND                                                                            ; N/A     ;
; auto_signaltap_0|gnd                                                                                           ; post-fitting  ; connected ; sld_signaltap:auto_signaltap_0 ; post-synthesis    ; sld_signaltap:auto_signaltap_0|~GND                                                                            ; N/A     ;
; auto_signaltap_0|gnd                                                                                           ; post-fitting  ; connected ; sld_signaltap:auto_signaltap_0 ; post-synthesis    ; sld_signaltap:auto_signaltap_0|~GND                                                                            ; N/A     ;
; auto_signaltap_0|gnd                                                                                           ; post-fitting  ; connected ; sld_signaltap:auto_signaltap_0 ; post-synthesis    ; sld_signaltap:auto_signaltap_0|~GND                                                                            ; N/A     ;
; auto_signaltap_0|gnd                                                                                           ; post-fitting  ; connected ; sld_signaltap:auto_signaltap_0 ; post-synthesis    ; sld_signaltap:auto_signaltap_0|~GND                                                                            ; N/A     ;
; auto_signaltap_0|gnd                                                                                           ; post-fitting  ; connected ; sld_signaltap:auto_signaltap_0 ; post-synthesis    ; sld_signaltap:auto_signaltap_0|~GND                                                                            ; N/A     ;
; auto_signaltap_0|gnd                                                                                           ; post-fitting  ; connected ; sld_signaltap:auto_signaltap_0 ; post-synthesis    ; sld_signaltap:auto_signaltap_0|~GND                                                                            ; N/A     ;
; auto_signaltap_0|gnd                                                                                           ; post-fitting  ; connected ; sld_signaltap:auto_signaltap_0 ; post-synthesis    ; sld_signaltap:auto_signaltap_0|~GND                                                                            ; N/A     ;
; auto_signaltap_0|gnd                                                                                           ; post-fitting  ; connected ; sld_signaltap:auto_signaltap_0 ; post-synthesis    ; sld_signaltap:auto_signaltap_0|~GND                                                                            ; N/A     ;
; auto_signaltap_0|vcc                                                                                           ; post-fitting  ; connected ; sld_signaltap:auto_signaltap_0 ; post-synthesis    ; sld_signaltap:auto_signaltap_0|~VCC                                                                            ; N/A     ;
; auto_signaltap_0|vcc                                                                                           ; post-fitting  ; connected ; sld_signaltap:auto_signaltap_0 ; post-synthesis    ; sld_signaltap:auto_signaltap_0|~VCC                                                                            ; N/A     ;
; auto_signaltap_0|vcc                                                                                           ; post-fitting  ; connected ; sld_signaltap:auto_signaltap_0 ; post-synthesis    ; sld_signaltap:auto_signaltap_0|~VCC                                                                            ; N/A     ;
; auto_signaltap_0|vcc                                                                                           ; post-fitting  ; connected ; sld_signaltap:auto_signaltap_0 ; post-synthesis    ; sld_signaltap:auto_signaltap_0|~VCC                                                                            ; N/A     ;
; auto_signaltap_0|vcc                                                                                           ; post-fitting  ; connected ; sld_signaltap:auto_signaltap_0 ; post-synthesis    ; sld_signaltap:auto_signaltap_0|~VCC                                                                            ; N/A     ;
; auto_signaltap_0|vcc                                                                                           ; post-fitting  ; connected ; sld_signaltap:auto_signaltap_0 ; post-synthesis    ; sld_signaltap:auto_signaltap_0|~VCC                                                                            ; N/A     ;
; auto_signaltap_0|vcc                                                                                           ; post-fitting  ; connected ; sld_signaltap:auto_signaltap_0 ; post-synthesis    ; sld_signaltap:auto_signaltap_0|~VCC                                                                            ; N/A     ;
; auto_signaltap_0|vcc                                                                                           ; post-fitting  ; connected ; sld_signaltap:auto_signaltap_0 ; post-synthesis    ; sld_signaltap:auto_signaltap_0|~VCC                                                                            ; N/A     ;
; auto_signaltap_0|vcc                                                                                           ; post-fitting  ; connected ; sld_signaltap:auto_signaltap_0 ; post-synthesis    ; sld_signaltap:auto_signaltap_0|~VCC                                                                            ; N/A     ;
; auto_signaltap_0|vcc                                                                                           ; post-fitting  ; connected ; sld_signaltap:auto_signaltap_0 ; post-synthesis    ; sld_signaltap:auto_signaltap_0|~VCC                                                                            ; N/A     ;
; auto_signaltap_0|vcc                                                                                           ; post-fitting  ; connected ; sld_signaltap:auto_signaltap_0 ; post-synthesis    ; sld_signaltap:auto_signaltap_0|~VCC                                                                            ; N/A     ;
; auto_signaltap_0|vcc                                                                                           ; post-fitting  ; connected ; sld_signaltap:auto_signaltap_0 ; post-synthesis    ; sld_signaltap:auto_signaltap_0|~VCC                                                                            ; N/A     ;
; auto_signaltap_0|vcc                                                                                           ; post-fitting  ; connected ; sld_signaltap:auto_signaltap_0 ; post-synthesis    ; sld_signaltap:auto_signaltap_0|~VCC                                                                            ; N/A     ;
; auto_signaltap_0|vcc                                                                                           ; post-fitting  ; connected ; sld_signaltap:auto_signaltap_0 ; post-synthesis    ; sld_signaltap:auto_signaltap_0|~VCC                                                                            ; N/A     ;
; auto_signaltap_0|vcc                                                                                           ; post-fitting  ; connected ; sld_signaltap:auto_signaltap_0 ; post-synthesis    ; sld_signaltap:auto_signaltap_0|~VCC                                                                            ; N/A     ;
; auto_signaltap_0|vcc                                                                                           ; post-fitting  ; connected ; sld_signaltap:auto_signaltap_0 ; post-synthesis    ; sld_signaltap:auto_signaltap_0|~VCC                                                                            ; N/A     ;
; auto_signaltap_0|vcc                                                                                           ; post-fitting  ; connected ; sld_signaltap:auto_signaltap_0 ; post-synthesis    ; sld_signaltap:auto_signaltap_0|~VCC                                                                            ; N/A     ;
; auto_signaltap_0|vcc                                                                                           ; post-fitting  ; connected ; sld_signaltap:auto_signaltap_0 ; post-synthesis    ; sld_signaltap:auto_signaltap_0|~VCC                                                                            ; N/A     ;
; auto_signaltap_0|vcc                                                                                           ; post-fitting  ; connected ; sld_signaltap:auto_signaltap_0 ; post-synthesis    ; sld_signaltap:auto_signaltap_0|~VCC                                                                            ; N/A     ;
; auto_signaltap_0|vcc                                                                                           ; post-fitting  ; connected ; sld_signaltap:auto_signaltap_0 ; post-synthesis    ; sld_signaltap:auto_signaltap_0|~VCC                                                                            ; N/A     ;
; auto_signaltap_0|vcc                                                                                           ; post-fitting  ; connected ; sld_signaltap:auto_signaltap_0 ; post-synthesis    ; sld_signaltap:auto_signaltap_0|~VCC                                                                            ; N/A     ;
; byteRam:memoriaDatos|ram2:newRam2|altsyncram:altsyncram_component|altsyncram_vhm1:auto_generated|ram_block1a0  ; post-fitting  ; connected ; Top                            ; post-synthesis    ; byteRam:memoriaDatos|ram2:newRam2|altsyncram:altsyncram_component|altsyncram_vhm1:auto_generated|ram_block1a0  ; N/A     ;
; byteRam:memoriaDatos|ram2:newRam2|altsyncram:altsyncram_component|altsyncram_vhm1:auto_generated|ram_block1a0  ; post-fitting  ; connected ; Top                            ; post-synthesis    ; byteRam:memoriaDatos|ram2:newRam2|altsyncram:altsyncram_component|altsyncram_vhm1:auto_generated|ram_block1a0  ; N/A     ;
; byteRam:memoriaDatos|ram2:newRam2|altsyncram:altsyncram_component|altsyncram_vhm1:auto_generated|ram_block1a1  ; post-fitting  ; connected ; Top                            ; post-synthesis    ; byteRam:memoriaDatos|ram2:newRam2|altsyncram:altsyncram_component|altsyncram_vhm1:auto_generated|ram_block1a1  ; N/A     ;
; byteRam:memoriaDatos|ram2:newRam2|altsyncram:altsyncram_component|altsyncram_vhm1:auto_generated|ram_block1a1  ; post-fitting  ; connected ; Top                            ; post-synthesis    ; byteRam:memoriaDatos|ram2:newRam2|altsyncram:altsyncram_component|altsyncram_vhm1:auto_generated|ram_block1a1  ; N/A     ;
; byteRam:memoriaDatos|ram2:newRam2|altsyncram:altsyncram_component|altsyncram_vhm1:auto_generated|ram_block1a10 ; post-fitting  ; connected ; Top                            ; post-synthesis    ; byteRam:memoriaDatos|ram2:newRam2|altsyncram:altsyncram_component|altsyncram_vhm1:auto_generated|ram_block1a10 ; N/A     ;
; byteRam:memoriaDatos|ram2:newRam2|altsyncram:altsyncram_component|altsyncram_vhm1:auto_generated|ram_block1a10 ; post-fitting  ; connected ; Top                            ; post-synthesis    ; byteRam:memoriaDatos|ram2:newRam2|altsyncram:altsyncram_component|altsyncram_vhm1:auto_generated|ram_block1a10 ; N/A     ;
; byteRam:memoriaDatos|ram2:newRam2|altsyncram:altsyncram_component|altsyncram_vhm1:auto_generated|ram_block1a2  ; post-fitting  ; connected ; Top                            ; post-synthesis    ; byteRam:memoriaDatos|ram2:newRam2|altsyncram:altsyncram_component|altsyncram_vhm1:auto_generated|ram_block1a2  ; N/A     ;
; byteRam:memoriaDatos|ram2:newRam2|altsyncram:altsyncram_component|altsyncram_vhm1:auto_generated|ram_block1a2  ; post-fitting  ; connected ; Top                            ; post-synthesis    ; byteRam:memoriaDatos|ram2:newRam2|altsyncram:altsyncram_component|altsyncram_vhm1:auto_generated|ram_block1a2  ; N/A     ;
; byteRam:memoriaDatos|ram2:newRam2|altsyncram:altsyncram_component|altsyncram_vhm1:auto_generated|ram_block1a3  ; post-fitting  ; connected ; Top                            ; post-synthesis    ; byteRam:memoriaDatos|ram2:newRam2|altsyncram:altsyncram_component|altsyncram_vhm1:auto_generated|ram_block1a3  ; N/A     ;
; byteRam:memoriaDatos|ram2:newRam2|altsyncram:altsyncram_component|altsyncram_vhm1:auto_generated|ram_block1a3  ; post-fitting  ; connected ; Top                            ; post-synthesis    ; byteRam:memoriaDatos|ram2:newRam2|altsyncram:altsyncram_component|altsyncram_vhm1:auto_generated|ram_block1a3  ; N/A     ;
; byteRam:memoriaDatos|ram2:newRam2|altsyncram:altsyncram_component|altsyncram_vhm1:auto_generated|ram_block1a4  ; post-fitting  ; connected ; Top                            ; post-synthesis    ; byteRam:memoriaDatos|ram2:newRam2|altsyncram:altsyncram_component|altsyncram_vhm1:auto_generated|ram_block1a4  ; N/A     ;
; byteRam:memoriaDatos|ram2:newRam2|altsyncram:altsyncram_component|altsyncram_vhm1:auto_generated|ram_block1a4  ; post-fitting  ; connected ; Top                            ; post-synthesis    ; byteRam:memoriaDatos|ram2:newRam2|altsyncram:altsyncram_component|altsyncram_vhm1:auto_generated|ram_block1a4  ; N/A     ;
; byteRam:memoriaDatos|ram2:newRam2|altsyncram:altsyncram_component|altsyncram_vhm1:auto_generated|ram_block1a5  ; post-fitting  ; connected ; Top                            ; post-synthesis    ; byteRam:memoriaDatos|ram2:newRam2|altsyncram:altsyncram_component|altsyncram_vhm1:auto_generated|ram_block1a5  ; N/A     ;
; byteRam:memoriaDatos|ram2:newRam2|altsyncram:altsyncram_component|altsyncram_vhm1:auto_generated|ram_block1a5  ; post-fitting  ; connected ; Top                            ; post-synthesis    ; byteRam:memoriaDatos|ram2:newRam2|altsyncram:altsyncram_component|altsyncram_vhm1:auto_generated|ram_block1a5  ; N/A     ;
; byteRam:memoriaDatos|ram2:newRam2|altsyncram:altsyncram_component|altsyncram_vhm1:auto_generated|ram_block1a6  ; post-fitting  ; connected ; Top                            ; post-synthesis    ; byteRam:memoriaDatos|ram2:newRam2|altsyncram:altsyncram_component|altsyncram_vhm1:auto_generated|ram_block1a6  ; N/A     ;
; byteRam:memoriaDatos|ram2:newRam2|altsyncram:altsyncram_component|altsyncram_vhm1:auto_generated|ram_block1a6  ; post-fitting  ; connected ; Top                            ; post-synthesis    ; byteRam:memoriaDatos|ram2:newRam2|altsyncram:altsyncram_component|altsyncram_vhm1:auto_generated|ram_block1a6  ; N/A     ;
; byteRam:memoriaDatos|ram2:newRam2|altsyncram:altsyncram_component|altsyncram_vhm1:auto_generated|ram_block1a7  ; post-fitting  ; connected ; Top                            ; post-synthesis    ; byteRam:memoriaDatos|ram2:newRam2|altsyncram:altsyncram_component|altsyncram_vhm1:auto_generated|ram_block1a7  ; N/A     ;
; byteRam:memoriaDatos|ram2:newRam2|altsyncram:altsyncram_component|altsyncram_vhm1:auto_generated|ram_block1a7  ; post-fitting  ; connected ; Top                            ; post-synthesis    ; byteRam:memoriaDatos|ram2:newRam2|altsyncram:altsyncram_component|altsyncram_vhm1:auto_generated|ram_block1a7  ; N/A     ;
; byteRam:memoriaDatos|ram2:newRam2|altsyncram:altsyncram_component|altsyncram_vhm1:auto_generated|ram_block1a8  ; post-fitting  ; connected ; Top                            ; post-synthesis    ; byteRam:memoriaDatos|ram2:newRam2|altsyncram:altsyncram_component|altsyncram_vhm1:auto_generated|ram_block1a8  ; N/A     ;
; byteRam:memoriaDatos|ram2:newRam2|altsyncram:altsyncram_component|altsyncram_vhm1:auto_generated|ram_block1a8  ; post-fitting  ; connected ; Top                            ; post-synthesis    ; byteRam:memoriaDatos|ram2:newRam2|altsyncram:altsyncram_component|altsyncram_vhm1:auto_generated|ram_block1a8  ; N/A     ;
; byteRam:memoriaDatos|ram2:newRam2|altsyncram:altsyncram_component|altsyncram_vhm1:auto_generated|ram_block1a9  ; post-fitting  ; connected ; Top                            ; post-synthesis    ; byteRam:memoriaDatos|ram2:newRam2|altsyncram:altsyncram_component|altsyncram_vhm1:auto_generated|ram_block1a9  ; N/A     ;
; byteRam:memoriaDatos|ram2:newRam2|altsyncram:altsyncram_component|altsyncram_vhm1:auto_generated|ram_block1a9  ; post-fitting  ; connected ; Top                            ; post-synthesis    ; byteRam:memoriaDatos|ram2:newRam2|altsyncram:altsyncram_component|altsyncram_vhm1:auto_generated|ram_block1a9  ; N/A     ;
; instrClk:desfase2|instrClk_0002:instrclk_inst|altera_pll:altera_pll_i|outclk_wire[0]~CLKENA0                   ; post-fitting  ; connected ; Top                            ; post-synthesis    ; instrClk:desfase2|instrClk_0002:instrclk_inst|altera_pll:altera_pll_i|outclk_wire[0]                           ; N/A     ;
+----------------------------------------------------------------------------------------------------------------+---------------+-----------+--------------------------------+-------------------+----------------------------------------------------------------------------------------------------------------+---------+


+--------------------------------------------------------------------------------------------------------------------------------------------+
; Partition Merge Partition Statistics                                                                                                       ;
+---------------------------------------------+---------+------------------+--------------------------------+--------------------------------+
; Statistic                                   ; Top     ; sld_hub:auto_hub ; sld_signaltap:auto_signaltap_0 ; hard_block:auto_generated_inst ;
+---------------------------------------------+---------+------------------+--------------------------------+--------------------------------+
; Estimate of Logic utilization (ALMs needed) ; 2568    ; 62               ; 293                            ; 0                              ;
;                                             ;         ;                  ;                                ;                                ;
; Combinational ALUT usage for logic          ; 4830    ; 91               ; 229                            ; 0                              ;
;     -- 7 input functions                    ; 24      ; 1                ; 0                              ; 0                              ;
;     -- 6 input functions                    ; 892     ; 12               ; 60                             ; 0                              ;
;     -- 5 input functions                    ; 1317    ; 23               ; 43                             ; 0                              ;
;     -- 4 input functions                    ; 1733    ; 16               ; 20                             ; 0                              ;
;     -- <=3 input functions                  ; 864     ; 39               ; 106                            ; 0                              ;
; Memory ALUT usage                           ; 0       ; 0                ; 0                              ; 0                              ;
;     -- 64-address deep                      ; 0       ; 0                ; 0                              ; 0                              ;
;     -- 32-address deep                      ; 0       ; 0                ; 0                              ; 0                              ;
;                                             ;         ;                  ;                                ;                                ;
; Dedicated logic registers                   ; 720     ; 90               ; 511                            ; 0                              ;
;                                             ;         ;                  ;                                ;                                ;
;                                             ;         ;                  ;                                ;                                ;
; I/O pins                                    ; 30      ; 0                ; 0                              ; 3                              ;
; I/O registers                               ; 0       ; 0                ; 0                              ; 0                              ;
; Total block memory bits                     ; 4202496 ; 0                ; 2176                           ; 0                              ;
; Total block memory implementation bits      ; 0       ; 0                ; 0                              ; 0                              ;
; JTAG                                        ; 0       ; 0                ; 0                              ; 1                              ;
; DSP block                                   ; 4       ; 0                ; 0                              ; 0                              ;
;                                             ;         ;                  ;                                ;                                ;
; Connections                                 ;         ;                  ;                                ;                                ;
;     -- Input Connections                    ; 1912    ; 133              ; 847                            ; 1                              ;
;     -- Registered Input Connections         ; 1301    ; 109              ; 564                            ; 0                              ;
;     -- Output Connections                   ; 34      ; 241              ; 34                             ; 2584                           ;
;     -- Registered Output Connections        ; 8       ; 241              ; 0                              ; 0                              ;
;                                             ;         ;                  ;                                ;                                ;
; Internal Connections                        ;         ;                  ;                                ;                                ;
;     -- Total Connections                    ; 33379   ; 883              ; 2953                           ; 2606                           ;
;     -- Registered Connections               ; 3562    ; 706              ; 1854                           ; 0                              ;
;                                             ;         ;                  ;                                ;                                ;
; External Connections                        ;         ;                  ;                                ;                                ;
;     -- Top                                  ; 0       ; 0                ; 34                             ; 1912                           ;
;     -- sld_hub:auto_hub                     ; 0       ; 20               ; 232                            ; 122                            ;
;     -- sld_signaltap:auto_signaltap_0       ; 34      ; 232              ; 64                             ; 551                            ;
;     -- hard_block:auto_generated_inst       ; 1912    ; 122              ; 551                            ; 0                              ;
;                                             ;         ;                  ;                                ;                                ;
; Partition Interface                         ;         ;                  ;                                ;                                ;
;     -- Input Ports                          ; 7       ; 45               ; 120                            ; 6                              ;
;     -- Output Ports                         ; 36      ; 62               ; 49                             ; 15                             ;
;     -- Bidir Ports                          ; 0       ; 0                ; 0                              ; 0                              ;
;                                             ;         ;                  ;                                ;                                ;
; Registered Ports                            ;         ;                  ;                                ;                                ;
;     -- Registered Input Ports               ; 0       ; 13               ; 39                             ; 0                              ;
;     -- Registered Output Ports              ; 0       ; 29               ; 35                             ; 0                              ;
;                                             ;         ;                  ;                                ;                                ;
; Port Connectivity                           ;         ;                  ;                                ;                                ;
;     -- Input Ports driven by GND            ; 0       ; 0                ; 15                             ; 0                              ;
;     -- Output Ports driven by GND           ; 0       ; 28               ; 2                              ; 0                              ;
;     -- Input Ports driven by VCC            ; 0       ; 0                ; 21                             ; 0                              ;
;     -- Output Ports driven by VCC           ; 0       ; 0                ; 1                              ; 0                              ;
;     -- Input Ports with no Source           ; 0       ; 25               ; 21                             ; 0                              ;
;     -- Output Ports with no Source          ; 0       ; 0                ; 0                              ; 0                              ;
;     -- Input Ports with no Fanout           ; 0       ; 30               ; 35                             ; 0                              ;
;     -- Output Ports with no Fanout          ; 0       ; 29               ; 37                             ; 0                              ;
+---------------------------------------------+---------+------------------+--------------------------------+--------------------------------+
Note: Resource usage numbers presented for Partitions containing post-synthesis logic are estimates.  For Partitions containing post-fit logic, resource usage numbers are accurate based on previous placement information.  Actual Fitter results may vary depending on current Fitter Preservation Level assignments.


+-------------------------------------------------------------------------------------------+
; Partition Merge Partition Pin Processing                                                  ;
+--------------------------------------+-----------+---------------+----------+-------------+
; Name                                 ; Partition ; Type          ; Location ; Status      ;
+--------------------------------------+-----------+---------------+----------+-------------+
; VGA_BLANK                            ; Top       ; Output Port   ; n/a      ;             ;
;     -- VGA_BLANK                     ; Top       ; Output Pad    ; Unplaced ; Synthesized ;
;     -- VGA_BLANK~output              ; Top       ; Output Buffer ; Unplaced ; Synthesized ;
;                                      ;           ;               ;          ;             ;
; VGA_B[0]                             ; Top       ; Output Port   ; n/a      ;             ;
;     -- VGA_B[0]                      ; Top       ; Output Pad    ; Unplaced ; Synthesized ;
;     -- VGA_B[0]~output               ; Top       ; Output Buffer ; Unplaced ; Synthesized ;
;                                      ;           ;               ;          ;             ;
; VGA_B[1]                             ; Top       ; Output Port   ; n/a      ;             ;
;     -- VGA_B[1]                      ; Top       ; Output Pad    ; Unplaced ; Synthesized ;
;     -- VGA_B[1]~output               ; Top       ; Output Buffer ; Unplaced ; Synthesized ;
;                                      ;           ;               ;          ;             ;
; VGA_B[2]                             ; Top       ; Output Port   ; n/a      ;             ;
;     -- VGA_B[2]                      ; Top       ; Output Pad    ; Unplaced ; Synthesized ;
;     -- VGA_B[2]~output               ; Top       ; Output Buffer ; Unplaced ; Synthesized ;
;                                      ;           ;               ;          ;             ;
; VGA_B[3]                             ; Top       ; Output Port   ; n/a      ;             ;
;     -- VGA_B[3]                      ; Top       ; Output Pad    ; Unplaced ; Synthesized ;
;     -- VGA_B[3]~output               ; Top       ; Output Buffer ; Unplaced ; Synthesized ;
;                                      ;           ;               ;          ;             ;
; VGA_B[4]                             ; Top       ; Output Port   ; n/a      ;             ;
;     -- VGA_B[4]                      ; Top       ; Output Pad    ; Unplaced ; Synthesized ;
;     -- VGA_B[4]~output               ; Top       ; Output Buffer ; Unplaced ; Synthesized ;
;                                      ;           ;               ;          ;             ;
; VGA_B[5]                             ; Top       ; Output Port   ; n/a      ;             ;
;     -- VGA_B[5]                      ; Top       ; Output Pad    ; Unplaced ; Synthesized ;
;     -- VGA_B[5]~output               ; Top       ; Output Buffer ; Unplaced ; Synthesized ;
;                                      ;           ;               ;          ;             ;
; VGA_B[6]                             ; Top       ; Output Port   ; n/a      ;             ;
;     -- VGA_B[6]                      ; Top       ; Output Pad    ; Unplaced ; Synthesized ;
;     -- VGA_B[6]~output               ; Top       ; Output Buffer ; Unplaced ; Synthesized ;
;                                      ;           ;               ;          ;             ;
; VGA_B[7]                             ; Top       ; Output Port   ; n/a      ;             ;
;     -- VGA_B[7]                      ; Top       ; Output Pad    ; Unplaced ; Synthesized ;
;     -- VGA_B[7]~output               ; Top       ; Output Buffer ; Unplaced ; Synthesized ;
;                                      ;           ;               ;          ;             ;
; VGA_CLK                              ; Top       ; Output Port   ; n/a      ;             ;
;     -- VGA_CLK                       ; Top       ; Output Pad    ; Unplaced ; Synthesized ;
;     -- VGA_CLK~output                ; Top       ; Output Buffer ; Unplaced ; Synthesized ;
;                                      ;           ;               ;          ;             ;
; VGA_G[0]                             ; Top       ; Output Port   ; n/a      ;             ;
;     -- VGA_G[0]                      ; Top       ; Output Pad    ; Unplaced ; Synthesized ;
;     -- VGA_G[0]~output               ; Top       ; Output Buffer ; Unplaced ; Synthesized ;
;                                      ;           ;               ;          ;             ;
; VGA_G[1]                             ; Top       ; Output Port   ; n/a      ;             ;
;     -- VGA_G[1]                      ; Top       ; Output Pad    ; Unplaced ; Synthesized ;
;     -- VGA_G[1]~output               ; Top       ; Output Buffer ; Unplaced ; Synthesized ;
;                                      ;           ;               ;          ;             ;
; VGA_G[2]                             ; Top       ; Output Port   ; n/a      ;             ;
;     -- VGA_G[2]                      ; Top       ; Output Pad    ; Unplaced ; Synthesized ;
;     -- VGA_G[2]~output               ; Top       ; Output Buffer ; Unplaced ; Synthesized ;
;                                      ;           ;               ;          ;             ;
; VGA_G[3]                             ; Top       ; Output Port   ; n/a      ;             ;
;     -- VGA_G[3]                      ; Top       ; Output Pad    ; Unplaced ; Synthesized ;
;     -- VGA_G[3]~output               ; Top       ; Output Buffer ; Unplaced ; Synthesized ;
;                                      ;           ;               ;          ;             ;
; VGA_G[4]                             ; Top       ; Output Port   ; n/a      ;             ;
;     -- VGA_G[4]                      ; Top       ; Output Pad    ; Unplaced ; Synthesized ;
;     -- VGA_G[4]~output               ; Top       ; Output Buffer ; Unplaced ; Synthesized ;
;                                      ;           ;               ;          ;             ;
; VGA_G[5]                             ; Top       ; Output Port   ; n/a      ;             ;
;     -- VGA_G[5]                      ; Top       ; Output Pad    ; Unplaced ; Synthesized ;
;     -- VGA_G[5]~output               ; Top       ; Output Buffer ; Unplaced ; Synthesized ;
;                                      ;           ;               ;          ;             ;
; VGA_G[6]                             ; Top       ; Output Port   ; n/a      ;             ;
;     -- VGA_G[6]                      ; Top       ; Output Pad    ; Unplaced ; Synthesized ;
;     -- VGA_G[6]~output               ; Top       ; Output Buffer ; Unplaced ; Synthesized ;
;                                      ;           ;               ;          ;             ;
; VGA_G[7]                             ; Top       ; Output Port   ; n/a      ;             ;
;     -- VGA_G[7]                      ; Top       ; Output Pad    ; Unplaced ; Synthesized ;
;     -- VGA_G[7]~output               ; Top       ; Output Buffer ; Unplaced ; Synthesized ;
;                                      ;           ;               ;          ;             ;
; VGA_HS                               ; Top       ; Output Port   ; n/a      ;             ;
;     -- VGA_HS                        ; Top       ; Output Pad    ; Unplaced ; Synthesized ;
;     -- VGA_HS~output                 ; Top       ; Output Buffer ; Unplaced ; Synthesized ;
;                                      ;           ;               ;          ;             ;
; VGA_R[0]                             ; Top       ; Output Port   ; n/a      ;             ;
;     -- VGA_R[0]                      ; Top       ; Output Pad    ; Unplaced ; Synthesized ;
;     -- VGA_R[0]~output               ; Top       ; Output Buffer ; Unplaced ; Synthesized ;
;                                      ;           ;               ;          ;             ;
; VGA_R[1]                             ; Top       ; Output Port   ; n/a      ;             ;
;     -- VGA_R[1]                      ; Top       ; Output Pad    ; Unplaced ; Synthesized ;
;     -- VGA_R[1]~output               ; Top       ; Output Buffer ; Unplaced ; Synthesized ;
;                                      ;           ;               ;          ;             ;
; VGA_R[2]                             ; Top       ; Output Port   ; n/a      ;             ;
;     -- VGA_R[2]                      ; Top       ; Output Pad    ; Unplaced ; Synthesized ;
;     -- VGA_R[2]~output               ; Top       ; Output Buffer ; Unplaced ; Synthesized ;
;                                      ;           ;               ;          ;             ;
; VGA_R[3]                             ; Top       ; Output Port   ; n/a      ;             ;
;     -- VGA_R[3]                      ; Top       ; Output Pad    ; Unplaced ; Synthesized ;
;     -- VGA_R[3]~output               ; Top       ; Output Buffer ; Unplaced ; Synthesized ;
;                                      ;           ;               ;          ;             ;
; VGA_R[4]                             ; Top       ; Output Port   ; n/a      ;             ;
;     -- VGA_R[4]                      ; Top       ; Output Pad    ; Unplaced ; Synthesized ;
;     -- VGA_R[4]~output               ; Top       ; Output Buffer ; Unplaced ; Synthesized ;
;                                      ;           ;               ;          ;             ;
; VGA_R[5]                             ; Top       ; Output Port   ; n/a      ;             ;
;     -- VGA_R[5]                      ; Top       ; Output Pad    ; Unplaced ; Synthesized ;
;     -- VGA_R[5]~output               ; Top       ; Output Buffer ; Unplaced ; Synthesized ;
;                                      ;           ;               ;          ;             ;
; VGA_R[6]                             ; Top       ; Output Port   ; n/a      ;             ;
;     -- VGA_R[6]                      ; Top       ; Output Pad    ; Unplaced ; Synthesized ;
;     -- VGA_R[6]~output               ; Top       ; Output Buffer ; Unplaced ; Synthesized ;
;                                      ;           ;               ;          ;             ;
; VGA_R[7]                             ; Top       ; Output Port   ; n/a      ;             ;
;     -- VGA_R[7]                      ; Top       ; Output Pad    ; Unplaced ; Synthesized ;
;     -- VGA_R[7]~output               ; Top       ; Output Buffer ; Unplaced ; Synthesized ;
;                                      ;           ;               ;          ;             ;
; VGA_SYNC                             ; Top       ; Output Port   ; n/a      ;             ;
;     -- VGA_SYNC                      ; Top       ; Output Pad    ; Unplaced ; Synthesized ;
;     -- VGA_SYNC~output               ; Top       ; Output Buffer ; Unplaced ; Synthesized ;
;                                      ;           ;               ;          ;             ;
; VGA_VS                               ; Top       ; Output Port   ; n/a      ;             ;
;     -- VGA_VS                        ; Top       ; Output Pad    ; Unplaced ; Synthesized ;
;     -- VGA_VS~output                 ; Top       ; Output Buffer ; Unplaced ; Synthesized ;
;                                      ;           ;               ;          ;             ;
; altera_reserved_tck                  ; Top       ; Input Port    ; n/a      ;             ;
;     -- altera_reserved_tck           ; Top       ; Input Pad     ; Unplaced ; Synthesized ;
;     -- altera_reserved_tck~input     ; Top       ; Input Buffer  ; Unplaced ; Synthesized ;
;                                      ;           ;               ;          ;             ;
; altera_reserved_tdi                  ; Top       ; Input Port    ; n/a      ;             ;
;     -- altera_reserved_tdi           ; Top       ; Input Pad     ; Unplaced ; Synthesized ;
;     -- altera_reserved_tdi~input     ; Top       ; Input Buffer  ; Unplaced ; Synthesized ;
;                                      ;           ;               ;          ;             ;
; altera_reserved_tdo                  ; Top       ; Output Port   ; n/a      ;             ;
;     -- altera_reserved_tdo           ; Top       ; Output Pad    ; Unplaced ; Synthesized ;
;     -- altera_reserved_tdo~output    ; Top       ; Output Buffer ; Unplaced ; Synthesized ;
;                                      ;           ;               ;          ;             ;
; altera_reserved_tms                  ; Top       ; Input Port    ; n/a      ;             ;
;     -- altera_reserved_tms           ; Top       ; Input Pad     ; Unplaced ; Synthesized ;
;     -- altera_reserved_tms~input     ; Top       ; Input Buffer  ; Unplaced ; Synthesized ;
;                                      ;           ;               ;          ;             ;
; clk                                  ; Top       ; Input Port    ; n/a      ;             ;
;     -- clk                           ; Top       ; Input Pad     ; Unplaced ; Synthesized ;
;     -- clk~input                     ; Top       ; Input Buffer  ; Unplaced ; Synthesized ;
;                                      ;           ;               ;          ;             ;
; pre_syn.bp.memoriaDatos_vgaSignal_0_ ; Top       ; Output Port   ; n/a      ;             ;
;                                      ;           ;               ;          ;             ;
; pre_syn.bp.memoriaDatos_vgaSignal_1_ ; Top       ; Output Port   ; n/a      ;             ;
;                                      ;           ;               ;          ;             ;
; pre_syn.bp.memoriaDatos_vgaSignal_2_ ; Top       ; Output Port   ; n/a      ;             ;
;                                      ;           ;               ;          ;             ;
; pre_syn.bp.muxVGAaddress1_s_0_       ; Top       ; Output Port   ; n/a      ;             ;
;                                      ;           ;               ;          ;             ;
; pre_syn.bp.muxVGAaddress2_s_0_       ; Top       ; Output Port   ; n/a      ;             ;
;                                      ;           ;               ;          ;             ;
; pre_syn.bp.muxVGAaddress_s_0_        ; Top       ; Output Port   ; n/a      ;             ;
;                                      ;           ;               ;          ;             ;
; rst                                  ; Top       ; Input Port    ; n/a      ;             ;
;     -- rst                           ; Top       ; Input Pad     ; Unplaced ; Synthesized ;
;     -- rst~input                     ; Top       ; Input Buffer  ; Unplaced ; Synthesized ;
;                                      ;           ;               ;          ;             ;
; switch[0]                            ; Top       ; Input Port    ; n/a      ;             ;
;     -- switch[0]                     ; Top       ; Input Pad     ; Unplaced ; Synthesized ;
;     -- switch[0]~input               ; Top       ; Input Buffer  ; Unplaced ; Synthesized ;
;                                      ;           ;               ;          ;             ;
; switch[1]                            ; Top       ; Input Port    ; n/a      ;             ;
;     -- switch[1]                     ; Top       ; Input Pad     ; Unplaced ; Synthesized ;
;     -- switch[1]~input               ; Top       ; Input Buffer  ; Unplaced ; Synthesized ;
;                                      ;           ;               ;          ;             ;
+--------------------------------------+-----------+---------------+----------+-------------+


+------------------------------------------------------------------------------------------------------------------------------------+
; Partition Merge Resource Usage Summary                                                                                             ;
+---------------------------------------------+--------------------------------------------------------------------------------------+
; Resource                                    ; Usage                                                                                ;
+---------------------------------------------+--------------------------------------------------------------------------------------+
; Estimate of Logic utilization (ALMs needed) ; 3154                                                                                 ;
;                                             ;                                                                                      ;
; Combinational ALUT usage for logic          ; 5150                                                                                 ;
;     -- 7 input functions                    ; 25                                                                                   ;
;     -- 6 input functions                    ; 964                                                                                  ;
;     -- 5 input functions                    ; 1383                                                                                 ;
;     -- 4 input functions                    ; 1769                                                                                 ;
;     -- <=3 input functions                  ; 1009                                                                                 ;
;                                             ;                                                                                      ;
; Dedicated logic registers                   ; 1321                                                                                 ;
;                                             ;                                                                                      ;
; I/O pins                                    ; 33                                                                                   ;
; Total MLAB memory bits                      ; 0                                                                                    ;
; Total block memory bits                     ; 4204672                                                                              ;
;                                             ;                                                                                      ;
; Total DSP Blocks                            ; 4                                                                                    ;
;                                             ;                                                                                      ;
; Total PLLs                                  ; 3                                                                                    ;
;     -- PLLs                                 ; 3                                                                                    ;
;                                             ;                                                                                      ;
; Maximum fan-out node                        ; instrClk:desfase2|instrClk_0002:instrclk_inst|altera_pll:altera_pll_i|outclk_wire[0] ;
; Maximum fan-out                             ; 864                                                                                  ;
; Total fan-out                               ; 36719                                                                                ;
; Average fan-out                             ; 5.16                                                                                 ;
+---------------------------------------------+--------------------------------------------------------------------------------------+


+---------------------------------------------------------------------------------------------------------------------------------------------------------------------------------------------------------------------------------------------------------------------------------------------------------------------------+
; Partition Merge RAM Summary                                                                                                                                                                                                                                                                                               ;
+-------------------------------------------------------------------------------------------------------------------------------------------------------------------------------------------------------+------+------------------+--------------+--------------+--------------+--------------+---------+-------------------+
; Name                                                                                                                                                                                                  ; Type ; Mode             ; Port A Depth ; Port A Width ; Port B Depth ; Port B Width ; Size    ; MIF               ;
+-------------------------------------------------------------------------------------------------------------------------------------------------------------------------------------------------------+------+------------------+--------------+--------------+--------------+--------------+---------+-------------------+
; byteRam:memoriaDatos|ram2:newRam2|altsyncram:altsyncram_component|altsyncram_vhm1:auto_generated|ALTSYNCRAM                                                                                           ; AUTO ; Single Port      ; 65536        ; 32           ; --           ; --           ; 2097152 ; None              ;
; byteRam:memoriaDatos|ram:newRam|altsyncram:altsyncram_component|altsyncram_7bg1:auto_generated|ALTSYNCRAM                                                                                             ; AUTO ; ROM              ; 65536        ; 32           ; --           ; --           ; 2097152 ; imagen.hex        ;
; rom:memoriaInstrucciones|altsyncram:altsyncram_component|altsyncram_4vg1:auto_generated|ALTSYNCRAM                                                                                                    ; AUTO ; ROM              ; 256          ; 32           ; --           ; --           ; 8192    ; instrucciones.hex ;
; sld_signaltap:auto_signaltap_0|sld_signaltap_impl:sld_signaltap_body|sld_signaltap_implb:sld_signaltap_body|altsyncram:\stp_non_zero_ram_gen:stp_buffer_ram|altsyncram_mb84:auto_generated|ALTSYNCRAM ; AUTO ; Simple Dual Port ; 128          ; 17           ; 128          ; 17           ; 2176    ; None              ;
+-------------------------------------------------------------------------------------------------------------------------------------------------------------------------------------------------------+------+------------------+--------------+--------------+--------------+--------------+---------+-------------------+


+-----------------------------------------------+
; Partition Merge DSP Block Usage Summary       ;
+---------------------------------+-------------+
; Statistic                       ; Number Used ;
+---------------------------------+-------------+
; Two Independent 18x18           ; 2           ;
; Independent 18x18 plus 36       ; 2           ;
; Total number of DSP blocks      ; 4           ;
;                                 ;             ;
; Fixed Point Unsigned Multiplier ; 4           ;
+---------------------------------+-------------+


+--------------------------+
; Partition Merge Messages ;
+--------------------------+
Info: *******************************************************************
Info: Running Quartus Prime Partition Merge
    Info: Version 20.1.0 Build 711 06/05/2020 SJ Lite Edition
    Info: Processing started: Fri Nov 22 02:57:33 2024
Info: Command: quartus_cdb --read_settings_files=off --write_settings_files=off pipeline -c pipeline --merge=on
Warning (18236): Number of processors has not been specified which may cause overloading on shared machines.  Set the global assignment NUM_PARALLEL_PROCESSORS in your QSF to an appropriate value for best performance.
Info (35007): Using synthesis netlist for partition "Top"
Info (35007): Using synthesis netlist for partition "sld_hub:auto_hub"
Info (35007): Using synthesis netlist for partition "sld_signaltap:auto_signaltap_0"
Info (35024): Successfully connected in-system debug instance "auto_signaltap_0" to all 67 required data inputs, trigger inputs, acquisition clocks, and dynamic pins
Info (35002): Resolved and merged 3 partition(s)
Info (16010): Generating hard_block partition "hard_block:auto_generated_inst"
    Info (16011): Adding 18 node(s), including 0 DDIO, 3 PLL, 0 transceiver and 0 LCELL
Critical Warning (138067): Current license file does not support incremental compilation. The Quartus Prime software removes all the user-specified design partitions in the design automatically.
Info (21057): Implemented 6691 device resources after synthesis - the final resource count might be different
    Info (21058): Implemented 7 input pins
    Info (21059): Implemented 30 output pins
    Info (21061): Implemented 6085 logic cells
    Info (21064): Implemented 561 RAM segments
    Info (21065): Implemented 3 PLLs
    Info (21062): Implemented 4 DSP elements
Info: Quartus Prime Partition Merge was successful. 0 errors, 2 warnings
    Info: Peak virtual memory: 4811 megabytes
    Info: Processing ended: Fri Nov 22 02:57:35 2024
    Info: Elapsed time: 00:00:02
    Info: Total CPU time (on all processors): 00:00:00


