Analysis & Elaboration report for pipeline
Sat Nov 16 19:00:31 2024
Quartus Prime Version 20.1.0 Build 711 06/05/2020 SJ Lite Edition


---------------------
; Table of Contents ;
---------------------
  1. Legal Notice
  2. Analysis & Elaboration Summary
  3. Parallel Compilation
  4. Analysis & Elaboration IP Cores Summary
  5. Source assignments for ram:newRam|altsyncram:altsyncram_component|altsyncram_njo1:auto_generated
  6. Parameter Settings for User Entity Instance: ram:newRam|altsyncram:altsyncram_component
  7. altsyncram Parameter Settings by Entity Instance
  8. Analysis & Elaboration Settings
  9. Analysis & Elaboration Messages
 10. Analysis & Elaboration Suppressed Messages



----------------
; Legal Notice ;
----------------
Copyright (C) 2020  Intel Corporation. All rights reserved.
Your use of Intel Corporation's design tools, logic functions 
and other software and tools, and any partner logic 
functions, and any output files from any of the foregoing 
(including device programming or simulation files), and any 
associated documentation or information are expressly subject 
to the terms and conditions of the Intel Program License 
Subscription Agreement, the Intel Quartus Prime License Agreement,
the Intel FPGA IP License Agreement, or other applicable license
agreement, including, without limitation, that your use is for
the sole purpose of programming logic devices manufactured by
Intel and sold by Intel or its authorized distributors.  Please
refer to the applicable agreement for further details, at
https://fpgasoftware.intel.com/eula.



+-----------------------------------------------------------------------------+
; Analysis & Elaboration Summary                                              ;
+-------------------------------+---------------------------------------------+
; Analysis & Elaboration Status ; Successful - Sat Nov 16 19:00:31 2024       ;
; Quartus Prime Version         ; 20.1.0 Build 711 06/05/2020 SJ Lite Edition ;
; Revision Name                 ; pipeline                                    ;
; Top-level Entity Name         ; byteRam                                     ;
; Family                        ; Cyclone V                                   ;
; Logic utilization (in ALMs)   ; N/A until Partition Merge                   ;
; Total registers               ; N/A until Partition Merge                   ;
; Total pins                    ; N/A until Partition Merge                   ;
; Total virtual pins            ; N/A until Partition Merge                   ;
; Total block memory bits       ; N/A until Partition Merge                   ;
; Total PLLs                    ; N/A until Partition Merge                   ;
; Total DLLs                    ; N/A until Partition Merge                   ;
+-------------------------------+---------------------------------------------+


+------------------------------------------+
; Parallel Compilation                     ;
+----------------------------+-------------+
; Processors                 ; Number      ;
+----------------------------+-------------+
; Number detected on machine ; 12          ;
; Maximum allowed            ; 10          ;
;                            ;             ;
; Average used               ; 1.00        ;
; Maximum used               ; 1           ;
;                            ;             ;
; Usage by Processor         ; % Time Used ;
;     Processor 1            ; 100.0%      ;
+----------------------------+-------------+


+-------------------------------------------------------------------------------------------------------+
; Analysis & Elaboration IP Cores Summary                                                               ;
+--------+--------------+---------+--------------+--------------+---------------------+-----------------+
; Vendor ; IP Core Name ; Version ; Release Date ; License Type ; Entity Instance     ; IP Include File ;
+--------+--------------+---------+--------------+--------------+---------------------+-----------------+
; Altera ; RAM: 1-PORT  ; 20.1    ; N/A          ; N/A          ; |byteRam|ram:newRam ; ram.v           ;
+--------+--------------+---------+--------------+--------------+---------------------+-----------------+


+--------------------------------------------------------------------------------------------------+
; Source assignments for ram:newRam|altsyncram:altsyncram_component|altsyncram_njo1:auto_generated ;
+---------------------------------+--------------------+------+------------------------------------+
; Assignment                      ; Value              ; From ; To                                 ;
+---------------------------------+--------------------+------+------------------------------------+
; OPTIMIZE_POWER_DURING_SYNTHESIS ; NORMAL_COMPILATION ; -    ; -                                  ;
+---------------------------------+--------------------+------+------------------------------------+


+-----------------------------------------------------------------------------------------+
; Parameter Settings for User Entity Instance: ram:newRam|altsyncram:altsyncram_component ;
+------------------------------------+----------------------+-----------------------------+
; Parameter Name                     ; Value                ; Type                        ;
+------------------------------------+----------------------+-----------------------------+
; BYTE_SIZE_BLOCK                    ; 8                    ; Untyped                     ;
; AUTO_CARRY_CHAINS                  ; ON                   ; AUTO_CARRY                  ;
; IGNORE_CARRY_BUFFERS               ; OFF                  ; IGNORE_CARRY                ;
; AUTO_CASCADE_CHAINS                ; ON                   ; AUTO_CASCADE                ;
; IGNORE_CASCADE_BUFFERS             ; OFF                  ; IGNORE_CASCADE              ;
; WIDTH_BYTEENA                      ; 1                    ; Untyped                     ;
; OPERATION_MODE                     ; SINGLE_PORT          ; Untyped                     ;
; WIDTH_A                            ; 32                   ; Signed Integer              ;
; WIDTHAD_A                          ; 16                   ; Signed Integer              ;
; NUMWORDS_A                         ; 65536                ; Signed Integer              ;
; OUTDATA_REG_A                      ; UNREGISTERED         ; Untyped                     ;
; ADDRESS_ACLR_A                     ; NONE                 ; Untyped                     ;
; OUTDATA_ACLR_A                     ; NONE                 ; Untyped                     ;
; WRCONTROL_ACLR_A                   ; NONE                 ; Untyped                     ;
; INDATA_ACLR_A                      ; NONE                 ; Untyped                     ;
; BYTEENA_ACLR_A                     ; NONE                 ; Untyped                     ;
; WIDTH_B                            ; 1                    ; Untyped                     ;
; WIDTHAD_B                          ; 1                    ; Untyped                     ;
; NUMWORDS_B                         ; 1                    ; Untyped                     ;
; INDATA_REG_B                       ; CLOCK1               ; Untyped                     ;
; WRCONTROL_WRADDRESS_REG_B          ; CLOCK1               ; Untyped                     ;
; RDCONTROL_REG_B                    ; CLOCK1               ; Untyped                     ;
; ADDRESS_REG_B                      ; CLOCK1               ; Untyped                     ;
; OUTDATA_REG_B                      ; UNREGISTERED         ; Untyped                     ;
; BYTEENA_REG_B                      ; CLOCK1               ; Untyped                     ;
; INDATA_ACLR_B                      ; NONE                 ; Untyped                     ;
; WRCONTROL_ACLR_B                   ; NONE                 ; Untyped                     ;
; ADDRESS_ACLR_B                     ; NONE                 ; Untyped                     ;
; OUTDATA_ACLR_B                     ; NONE                 ; Untyped                     ;
; RDCONTROL_ACLR_B                   ; NONE                 ; Untyped                     ;
; BYTEENA_ACLR_B                     ; NONE                 ; Untyped                     ;
; WIDTH_BYTEENA_A                    ; 1                    ; Signed Integer              ;
; WIDTH_BYTEENA_B                    ; 1                    ; Untyped                     ;
; RAM_BLOCK_TYPE                     ; AUTO                 ; Untyped                     ;
; BYTE_SIZE                          ; 8                    ; Untyped                     ;
; READ_DURING_WRITE_MODE_MIXED_PORTS ; DONT_CARE            ; Untyped                     ;
; READ_DURING_WRITE_MODE_PORT_A      ; NEW_DATA_NO_NBE_READ ; Untyped                     ;
; READ_DURING_WRITE_MODE_PORT_B      ; NEW_DATA_NO_NBE_READ ; Untyped                     ;
; INIT_FILE                          ; imagen.hex           ; Untyped                     ;
; INIT_FILE_LAYOUT                   ; PORT_A               ; Untyped                     ;
; MAXIMUM_DEPTH                      ; 0                    ; Untyped                     ;
; CLOCK_ENABLE_INPUT_A               ; BYPASS               ; Untyped                     ;
; CLOCK_ENABLE_INPUT_B               ; NORMAL               ; Untyped                     ;
; CLOCK_ENABLE_OUTPUT_A              ; BYPASS               ; Untyped                     ;
; CLOCK_ENABLE_OUTPUT_B              ; NORMAL               ; Untyped                     ;
; CLOCK_ENABLE_CORE_A                ; USE_INPUT_CLKEN      ; Untyped                     ;
; CLOCK_ENABLE_CORE_B                ; USE_INPUT_CLKEN      ; Untyped                     ;
; ENABLE_ECC                         ; FALSE                ; Untyped                     ;
; ECC_PIPELINE_STAGE_ENABLED         ; FALSE                ; Untyped                     ;
; WIDTH_ECCSTATUS                    ; 3                    ; Untyped                     ;
; DEVICE_FAMILY                      ; Cyclone V            ; Untyped                     ;
; CBXI_PARAMETER                     ; altsyncram_njo1      ; Untyped                     ;
+------------------------------------+----------------------+-----------------------------+
Note: In order to hide this table in the UI and the text report file, please set the "Show Parameter Settings in Synthesis Report" option in "Analysis and Synthesis Settings -> More Settings" to "Off".


+----------------------------------------------------------------------------------------+
; altsyncram Parameter Settings by Entity Instance                                       ;
+-------------------------------------------+--------------------------------------------+
; Name                                      ; Value                                      ;
+-------------------------------------------+--------------------------------------------+
; Number of entity instances                ; 1                                          ;
; Entity Instance                           ; ram:newRam|altsyncram:altsyncram_component ;
;     -- OPERATION_MODE                     ; SINGLE_PORT                                ;
;     -- WIDTH_A                            ; 32                                         ;
;     -- NUMWORDS_A                         ; 65536                                      ;
;     -- OUTDATA_REG_A                      ; UNREGISTERED                               ;
;     -- WIDTH_B                            ; 1                                          ;
;     -- NUMWORDS_B                         ; 1                                          ;
;     -- ADDRESS_REG_B                      ; CLOCK1                                     ;
;     -- OUTDATA_REG_B                      ; UNREGISTERED                               ;
;     -- RAM_BLOCK_TYPE                     ; AUTO                                       ;
;     -- READ_DURING_WRITE_MODE_MIXED_PORTS ; DONT_CARE                                  ;
+-------------------------------------------+--------------------------------------------+


+---------------------------------------------------------------------------------------------------------------------------+
; Analysis & Elaboration Settings                                                                                           ;
+---------------------------------------------------------------------------------+--------------------+--------------------+
; Option                                                                          ; Setting            ; Default Value      ;
+---------------------------------------------------------------------------------+--------------------+--------------------+
; Device                                                                          ; 5CSXFC6D6F31C6     ;                    ;
; Top-level entity name                                                           ; byteRam            ; pipeline           ;
; Family name                                                                     ; Cyclone V          ; Cyclone V          ;
; Use smart compilation                                                           ; Off                ; Off                ;
; Enable parallel Assembler and Timing Analyzer during compilation                ; On                 ; On                 ;
; Enable compact report table                                                     ; Off                ; Off                ;
; Restructure Multiplexers                                                        ; Auto               ; Auto               ;
; MLAB Add Timing Constraints For Mixed-Port Feed-Through Mode Setting Don't Care ; Off                ; Off                ;
; Create Debugging Nodes for IP Cores                                             ; Off                ; Off                ;
; Preserve fewer node names                                                       ; On                 ; On                 ;
; Intel FPGA IP Evaluation Mode                                                   ; Enable             ; Enable             ;
; Verilog Version                                                                 ; Verilog_2001       ; Verilog_2001       ;
; VHDL Version                                                                    ; VHDL_1993          ; VHDL_1993          ;
; State Machine Processing                                                        ; Auto               ; Auto               ;
; Safe State Machine                                                              ; Off                ; Off                ;
; Extract Verilog State Machines                                                  ; On                 ; On                 ;
; Extract VHDL State Machines                                                     ; On                 ; On                 ;
; Ignore Verilog initial constructs                                               ; Off                ; Off                ;
; Iteration limit for constant Verilog loops                                      ; 5000               ; 5000               ;
; Iteration limit for non-constant Verilog loops                                  ; 250                ; 250                ;
; Add Pass-Through Logic to Inferred RAMs                                         ; On                 ; On                 ;
; Infer RAMs from Raw Logic                                                       ; On                 ; On                 ;
; Parallel Synthesis                                                              ; On                 ; On                 ;
; DSP Block Balancing                                                             ; Auto               ; Auto               ;
; NOT Gate Push-Back                                                              ; On                 ; On                 ;
; Power-Up Don't Care                                                             ; On                 ; On                 ;
; Remove Redundant Logic Cells                                                    ; Off                ; Off                ;
; Remove Duplicate Registers                                                      ; On                 ; On                 ;
; Ignore CARRY Buffers                                                            ; Off                ; Off                ;
; Ignore CASCADE Buffers                                                          ; Off                ; Off                ;
; Ignore GLOBAL Buffers                                                           ; Off                ; Off                ;
; Ignore ROW GLOBAL Buffers                                                       ; Off                ; Off                ;
; Ignore LCELL Buffers                                                            ; Off                ; Off                ;
; Ignore SOFT Buffers                                                             ; On                 ; On                 ;
; Limit AHDL Integers to 32 Bits                                                  ; Off                ; Off                ;
; Optimization Technique                                                          ; Balanced           ; Balanced           ;
; Carry Chain Length                                                              ; 70                 ; 70                 ;
; Auto Carry Chains                                                               ; On                 ; On                 ;
; Auto Open-Drain Pins                                                            ; On                 ; On                 ;
; Perform WYSIWYG Primitive Resynthesis                                           ; Off                ; Off                ;
; Auto ROM Replacement                                                            ; On                 ; On                 ;
; Auto RAM Replacement                                                            ; On                 ; On                 ;
; Auto DSP Block Replacement                                                      ; On                 ; On                 ;
; Auto Shift Register Replacement                                                 ; Auto               ; Auto               ;
; Allow Shift Register Merging across Hierarchies                                 ; Auto               ; Auto               ;
; Auto Clock Enable Replacement                                                   ; On                 ; On                 ;
; Strict RAM Replacement                                                          ; Off                ; Off                ;
; Allow Synchronous Control Signals                                               ; On                 ; On                 ;
; Force Use of Synchronous Clear Signals                                          ; Off                ; Off                ;
; Auto Resource Sharing                                                           ; Off                ; Off                ;
; Allow Any RAM Size For Recognition                                              ; Off                ; Off                ;
; Allow Any ROM Size For Recognition                                              ; Off                ; Off                ;
; Allow Any Shift Register Size For Recognition                                   ; Off                ; Off                ;
; Use LogicLock Constraints during Resource Balancing                             ; On                 ; On                 ;
; Ignore translate_off and synthesis_off directives                               ; Off                ; Off                ;
; Timing-Driven Synthesis                                                         ; On                 ; On                 ;
; Report Parameter Settings                                                       ; On                 ; On                 ;
; Report Source Assignments                                                       ; On                 ; On                 ;
; Report Connectivity Checks                                                      ; On                 ; On                 ;
; Ignore Maximum Fan-Out Assignments                                              ; Off                ; Off                ;
; Synchronization Register Chain Length                                           ; 3                  ; 3                  ;
; Power Optimization During Synthesis                                             ; Normal compilation ; Normal compilation ;
; HDL message level                                                               ; Level2             ; Level2             ;
; Suppress Register Optimization Related Messages                                 ; Off                ; Off                ;
; Number of Removed Registers Reported in Synthesis Report                        ; 5000               ; 5000               ;
; Number of Swept Nodes Reported in Synthesis Report                              ; 5000               ; 5000               ;
; Number of Inverted Registers Reported in Synthesis Report                       ; 100                ; 100                ;
; Clock MUX Protection                                                            ; On                 ; On                 ;
; Auto Gated Clock Conversion                                                     ; Off                ; Off                ;
; Block Design Naming                                                             ; Auto               ; Auto               ;
; SDC constraint protection                                                       ; Off                ; Off                ;
; Synthesis Effort                                                                ; Auto               ; Auto               ;
; Shift Register Replacement - Allow Asynchronous Clear Signal                    ; On                 ; On                 ;
; Pre-Mapping Resynthesis Optimization                                            ; Off                ; Off                ;
; Analysis & Synthesis Message Level                                              ; Medium             ; Medium             ;
; Disable Register Merging Across Hierarchies                                     ; Auto               ; Auto               ;
; Resource Aware Inference For Block RAM                                          ; On                 ; On                 ;
; Automatic Parallel Synthesis                                                    ; On                 ; On                 ;
; Partial Reconfiguration Bitstream ID                                            ; Off                ; Off                ;
+---------------------------------------------------------------------------------+--------------------+--------------------+


+---------------------------------+
; Analysis & Elaboration Messages ;
+---------------------------------+
Info: *******************************************************************
Info: Running Quartus Prime Analysis & Elaboration
    Info: Version 20.1.0 Build 711 06/05/2020 SJ Lite Edition
    Info: Processing started: Sat Nov 16 19:00:24 2024
Info: Command: quartus_map --read_settings_files=on --write_settings_files=off pipeline -c pipeline --analysis_and_elaboration
Warning (125092): Tcl Script File rom.qip not found
    Info (125063): set_global_assignment -name QIP_FILE rom.qip
Warning (18236): Number of processors has not been specified which may cause overloading on shared machines.  Set the global assignment NUM_PARALLEL_PROCESSORS in your QSF to an appropriate value for best performance.
Info (20030): Parallel compilation is enabled and will use 10 of the 10 processors detected
Info (12021): Found 1 design units, including 1 entities, in source file byteram_tb.sv
    Info (12023): Found entity 1: byteRam_tb File: C:/Users/josea/Documents/SystemVerilog/crodriguez_jarroyo_nvargas_digital_design_lab_2024/Proyecto/byteRam_tb.sv Line: 3
Info (12021): Found 1 design units, including 1 entities, in source file byteram.sv
    Info (12023): Found entity 1: byteRam File: C:/Users/josea/Documents/SystemVerilog/crodriguez_jarroyo_nvargas_digital_design_lab_2024/Proyecto/byteRam.sv Line: 1
Info (12021): Found 1 design units, including 1 entities, in source file mux_tb.sv
    Info (12023): Found entity 1: mux_tb File: C:/Users/josea/Documents/SystemVerilog/crodriguez_jarroyo_nvargas_digital_design_lab_2024/Proyecto/mux_tb.sv Line: 3
Warning (12090): Entity "mux" obtained from "mux.sv" instead of from Quartus Prime megafunction library File: C:/Users/josea/Documents/SystemVerilog/crodriguez_jarroyo_nvargas_digital_design_lab_2024/Proyecto/mux.sv Line: 1
Info (12021): Found 1 design units, including 1 entities, in source file mux.sv
    Info (12023): Found entity 1: mux File: C:/Users/josea/Documents/SystemVerilog/crodriguez_jarroyo_nvargas_digital_design_lab_2024/Proyecto/mux.sv Line: 1
Info (12021): Found 1 design units, including 1 entities, in source file unidadcontrol.sv
    Info (12023): Found entity 1: unidadControl File: C:/Users/josea/Documents/SystemVerilog/crodriguez_jarroyo_nvargas_digital_design_lab_2024/Proyecto/unidadControl.sv Line: 1
Info (12021): Found 1 design units, including 1 entities, in source file maindec.sv
    Info (12023): Found entity 1: mainDec File: C:/Users/josea/Documents/SystemVerilog/crodriguez_jarroyo_nvargas_digital_design_lab_2024/Proyecto/mainDec.sv Line: 1
Info (12021): Found 1 design units, including 1 entities, in source file aludec.sv
    Info (12023): Found entity 1: aluDec File: C:/Users/josea/Documents/SystemVerilog/crodriguez_jarroyo_nvargas_digital_design_lab_2024/Proyecto/aluDec.sv Line: 1
Info (12021): Found 1 design units, including 1 entities, in source file imagenprinttest.sv
    Info (12023): Found entity 1: imagenPrintTest File: C:/Users/josea/Documents/SystemVerilog/crodriguez_jarroyo_nvargas_digital_design_lab_2024/Proyecto/imagenPrintTest.sv Line: 1
Info (12021): Found 1 design units, including 1 entities, in source file video_sync_generator.sv
    Info (12023): Found entity 1: video_sync_generator File: C:/Users/josea/Documents/SystemVerilog/crodriguez_jarroyo_nvargas_digital_design_lab_2024/Proyecto/video_sync_generator.sv Line: 1
Info (12021): Found 1 design units, including 1 entities, in source file vgatest.sv
    Info (12023): Found entity 1: vgaTest File: C:/Users/josea/Documents/SystemVerilog/crodriguez_jarroyo_nvargas_digital_design_lab_2024/Proyecto/vgaTest.sv Line: 1
Info (12021): Found 1 design units, including 1 entities, in source file vga_controller.sv
    Info (12023): Found entity 1: vga_controller File: C:/Users/josea/Documents/SystemVerilog/crodriguez_jarroyo_nvargas_digital_design_lab_2024/Proyecto/vga_controller.sv Line: 1
Info (12021): Found 1 design units, including 1 entities, in source file registros_tb.sv
    Info (12023): Found entity 1: registros_tb File: C:/Users/josea/Documents/SystemVerilog/crodriguez_jarroyo_nvargas_digital_design_lab_2024/Proyecto/registros_tb.sv Line: 1
Info (12021): Found 2 design units, including 2 entities, in source file restador.sv
    Info (12023): Found entity 1: restador_ins File: C:/Users/josea/Documents/SystemVerilog/crodriguez_jarroyo_nvargas_digital_design_lab_2024/Proyecto/restador.sv Line: 2
    Info (12023): Found entity 2: restador File: C:/Users/josea/Documents/SystemVerilog/crodriguez_jarroyo_nvargas_digital_design_lab_2024/Proyecto/restador.sv Line: 16
Info (12021): Found 1 design units, including 1 entities, in source file multiplicador.sv
    Info (12023): Found entity 1: multiplicador File: C:/Users/josea/Documents/SystemVerilog/crodriguez_jarroyo_nvargas_digital_design_lab_2024/Proyecto/multiplicador.sv Line: 1
Info (12021): Found 2 design units, including 2 entities, in source file sumador.sv
    Info (12023): Found entity 1: sumador File: C:/Users/josea/Documents/SystemVerilog/crodriguez_jarroyo_nvargas_digital_design_lab_2024/Proyecto/sumador.sv Line: 2
    Info (12023): Found entity 2: Sumador_estructural File: C:/Users/josea/Documents/SystemVerilog/crodriguez_jarroyo_nvargas_digital_design_lab_2024/Proyecto/sumador.sv Line: 16
Info (12021): Found 1 design units, including 1 entities, in source file tb_sumador_ins.sv
    Info (12023): Found entity 1: tb_Sumador_ins File: C:/Users/josea/Documents/SystemVerilog/crodriguez_jarroyo_nvargas_digital_design_lab_2024/Proyecto/tb_Sumador_ins.sv Line: 1
Info (12021): Found 1 design units, including 1 entities, in source file alupara.sv
    Info (12023): Found entity 1: aluPara File: C:/Users/josea/Documents/SystemVerilog/crodriguez_jarroyo_nvargas_digital_design_lab_2024/Proyecto/aluPara.sv Line: 1
Info (12021): Found 1 design units, including 1 entities, in source file alupara_tb.sv
    Info (12023): Found entity 1: aluPara_tb File: C:/Users/josea/Documents/SystemVerilog/crodriguez_jarroyo_nvargas_digital_design_lab_2024/Proyecto/aluPara_tb.sv Line: 1
Info (12021): Found 1 design units, including 1 entities, in source file extensor.sv
    Info (12023): Found entity 1: extensor File: C:/Users/josea/Documents/SystemVerilog/crodriguez_jarroyo_nvargas_digital_design_lab_2024/Proyecto/extensor.sv Line: 1
Info (12021): Found 1 design units, including 1 entities, in source file tb_extensor.sv
    Info (12023): Found entity 1: tb_extensor File: C:/Users/josea/Documents/SystemVerilog/crodriguez_jarroyo_nvargas_digital_design_lab_2024/Proyecto/tb_extensor.sv Line: 1
Info (12021): Found 1 design units, including 1 entities, in source file ram.v
    Info (12023): Found entity 1: ram File: C:/Users/josea/Documents/SystemVerilog/crodriguez_jarroyo_nvargas_digital_design_lab_2024/Proyecto/ram.v Line: 40
Info (12021): Found 1 design units, including 1 entities, in source file registros.sv
    Info (12023): Found entity 1: registros File: C:/Users/josea/Documents/SystemVerilog/crodriguez_jarroyo_nvargas_digital_design_lab_2024/Proyecto/registros.sv Line: 1
Info (12021): Found 1 design units, including 1 entities, in source file uniciclo.sv
    Info (12023): Found entity 1: uniciclo File: C:/Users/josea/Documents/SystemVerilog/crodriguez_jarroyo_nvargas_digital_design_lab_2024/Proyecto/uniciclo.sv Line: 1
Info (12021): Found 1 design units, including 1 entities, in source file uniciclo_tb.sv
    Info (12023): Found entity 1: uniciclo_tb File: C:/Users/josea/Documents/SystemVerilog/crodriguez_jarroyo_nvargas_digital_design_lab_2024/Proyecto/uniciclo_tb.sv Line: 3
Info (12021): Found 1 design units, including 1 entities, in source file vga_pll.v
    Info (12023): Found entity 1: vga_pll File: C:/Users/josea/Documents/SystemVerilog/crodriguez_jarroyo_nvargas_digital_design_lab_2024/Proyecto/vga_pll.v Line: 8
Info (12021): Found 1 design units, including 1 entities, in source file vga_pll/vga_pll_0002.v
    Info (12023): Found entity 1: vga_pll_0002 File: C:/Users/josea/Documents/SystemVerilog/crodriguez_jarroyo_nvargas_digital_design_lab_2024/Proyecto/vga_pll/vga_pll_0002.v Line: 2
Info (12021): Found 1 design units, including 1 entities, in source file imagenprinttest_tb.sv
    Info (12023): Found entity 1: imagenPrintTest_tb File: C:/Users/josea/Documents/SystemVerilog/crodriguez_jarroyo_nvargas_digital_design_lab_2024/Proyecto/imagenPrintTest_tb.sv Line: 2
Info (12021): Found 1 design units, including 1 entities, in source file instrclk.v
    Info (12023): Found entity 1: instrClk File: C:/Users/josea/Documents/SystemVerilog/crodriguez_jarroyo_nvargas_digital_design_lab_2024/Proyecto/instrClk.v Line: 8
Info (12021): Found 1 design units, including 1 entities, in source file instrclk/instrclk_0002.v
    Info (12023): Found entity 1: instrClk_0002 File: C:/Users/josea/Documents/SystemVerilog/crodriguez_jarroyo_nvargas_digital_design_lab_2024/Proyecto/instrClk/instrClk_0002.v Line: 2
Warning (10236): Verilog HDL Implicit Net warning at multiplicador.sv(12): created implicit net for "product" File: C:/Users/josea/Documents/SystemVerilog/crodriguez_jarroyo_nvargas_digital_design_lab_2024/Proyecto/multiplicador.sv Line: 12
Info (12127): Elaborating entity "byteRam" for the top level hierarchy
Warning (10230): Verilog HDL assignment warning at byteRam.sv(20): truncated value with size 32 to match size of target (16) File: C:/Users/josea/Documents/SystemVerilog/crodriguez_jarroyo_nvargas_digital_design_lab_2024/Proyecto/byteRam.sv Line: 20
Info (12128): Elaborating entity "ram" for hierarchy "ram:newRam" File: C:/Users/josea/Documents/SystemVerilog/crodriguez_jarroyo_nvargas_digital_design_lab_2024/Proyecto/byteRam.sv Line: 35
Info (12128): Elaborating entity "altsyncram" for hierarchy "ram:newRam|altsyncram:altsyncram_component" File: C:/Users/josea/Documents/SystemVerilog/crodriguez_jarroyo_nvargas_digital_design_lab_2024/Proyecto/ram.v Line: 86
Info (12130): Elaborated megafunction instantiation "ram:newRam|altsyncram:altsyncram_component" File: C:/Users/josea/Documents/SystemVerilog/crodriguez_jarroyo_nvargas_digital_design_lab_2024/Proyecto/ram.v Line: 86
Info (12133): Instantiated megafunction "ram:newRam|altsyncram:altsyncram_component" with the following parameter: File: C:/Users/josea/Documents/SystemVerilog/crodriguez_jarroyo_nvargas_digital_design_lab_2024/Proyecto/ram.v Line: 86
    Info (12134): Parameter "clock_enable_input_a" = "BYPASS"
    Info (12134): Parameter "clock_enable_output_a" = "BYPASS"
    Info (12134): Parameter "init_file" = "imagen.hex"
    Info (12134): Parameter "intended_device_family" = "Cyclone V"
    Info (12134): Parameter "lpm_hint" = "ENABLE_RUNTIME_MOD=NO"
    Info (12134): Parameter "lpm_type" = "altsyncram"
    Info (12134): Parameter "numwords_a" = "65536"
    Info (12134): Parameter "operation_mode" = "SINGLE_PORT"
    Info (12134): Parameter "outdata_aclr_a" = "NONE"
    Info (12134): Parameter "outdata_reg_a" = "UNREGISTERED"
    Info (12134): Parameter "power_up_uninitialized" = "FALSE"
    Info (12134): Parameter "read_during_write_mode_port_a" = "NEW_DATA_NO_NBE_READ"
    Info (12134): Parameter "widthad_a" = "16"
    Info (12134): Parameter "width_a" = "32"
    Info (12134): Parameter "width_byteena_a" = "1"
Info (12021): Found 1 design units, including 1 entities, in source file db/altsyncram_njo1.tdf
    Info (12023): Found entity 1: altsyncram_njo1 File: C:/Users/josea/Documents/SystemVerilog/crodriguez_jarroyo_nvargas_digital_design_lab_2024/Proyecto/db/altsyncram_njo1.tdf Line: 34
Info (12128): Elaborating entity "altsyncram_njo1" for hierarchy "ram:newRam|altsyncram:altsyncram_component|altsyncram_njo1:auto_generated" File: c:/intelfpga_lite/20.1/quartus/libraries/megafunctions/altsyncram.tdf Line: 792
Info (12021): Found 1 design units, including 1 entities, in source file db/decode_dla.tdf
    Info (12023): Found entity 1: decode_dla File: C:/Users/josea/Documents/SystemVerilog/crodriguez_jarroyo_nvargas_digital_design_lab_2024/Proyecto/db/decode_dla.tdf Line: 23
Info (12128): Elaborating entity "decode_dla" for hierarchy "ram:newRam|altsyncram:altsyncram_component|altsyncram_njo1:auto_generated|decode_dla:decode3" File: C:/Users/josea/Documents/SystemVerilog/crodriguez_jarroyo_nvargas_digital_design_lab_2024/Proyecto/db/altsyncram_njo1.tdf Line: 44
Info (12021): Found 1 design units, including 1 entities, in source file db/decode_61a.tdf
    Info (12023): Found entity 1: decode_61a File: C:/Users/josea/Documents/SystemVerilog/crodriguez_jarroyo_nvargas_digital_design_lab_2024/Proyecto/db/decode_61a.tdf Line: 23
Info (12128): Elaborating entity "decode_61a" for hierarchy "ram:newRam|altsyncram:altsyncram_component|altsyncram_njo1:auto_generated|decode_61a:rden_decode" File: C:/Users/josea/Documents/SystemVerilog/crodriguez_jarroyo_nvargas_digital_design_lab_2024/Proyecto/db/altsyncram_njo1.tdf Line: 45
Info (12021): Found 1 design units, including 1 entities, in source file db/mux_ahb.tdf
    Info (12023): Found entity 1: mux_ahb File: C:/Users/josea/Documents/SystemVerilog/crodriguez_jarroyo_nvargas_digital_design_lab_2024/Proyecto/db/mux_ahb.tdf Line: 23
Info (12128): Elaborating entity "mux_ahb" for hierarchy "ram:newRam|altsyncram:altsyncram_component|altsyncram_njo1:auto_generated|mux_ahb:mux2" File: C:/Users/josea/Documents/SystemVerilog/crodriguez_jarroyo_nvargas_digital_design_lab_2024/Proyecto/db/altsyncram_njo1.tdf Line: 46
Warning (20013): Ignored 16 assignments for entity "instrClk" -- entity does not exist in design
    Warning (20014): Assignment for entity set_global_assignment -name IP_TOOL_NAME altera_pll -entity instrClk -sip instrClk.sip -library lib_instrClk was ignored
    Warning (20014): Assignment for entity set_global_assignment -name IP_TOOL_VERSION 20.1 -entity instrClk -sip instrClk.sip -library lib_instrClk was ignored
    Warning (20014): Assignment for entity set_global_assignment -name IP_TOOL_ENV mwpim -entity instrClk -sip instrClk.sip -library lib_instrClk was ignored
Warning (20013): Ignored 317 assignments for entity "instrClk_0002" -- entity does not exist in design
Warning (20013): Ignored 16 assignments for entity "vga_pll" -- entity does not exist in design
    Warning (20014): Assignment for entity set_global_assignment -name IP_TOOL_NAME altera_pll -entity vga_pll -sip vga_pll.sip -library lib_vga_pll was ignored
    Warning (20014): Assignment for entity set_global_assignment -name IP_TOOL_VERSION 20.1 -entity vga_pll -sip vga_pll.sip -library lib_vga_pll was ignored
    Warning (20014): Assignment for entity set_global_assignment -name IP_TOOL_ENV mwpim -entity vga_pll -sip vga_pll.sip -library lib_vga_pll was ignored
Warning (20013): Ignored 317 assignments for entity "vga_pll_0002" -- entity does not exist in design
Info (144001): Generated suppressed messages file C:/Users/josea/Documents/SystemVerilog/crodriguez_jarroyo_nvargas_digital_design_lab_2024/Proyecto/output_files/pipeline.map.smsg
Info: Quartus Prime Analysis & Elaboration was successful. 0 errors, 15 warnings
    Info: Peak virtual memory: 4810 megabytes
    Info: Processing ended: Sat Nov 16 19:00:31 2024
    Info: Elapsed time: 00:00:07
    Info: Total CPU time (on all processors): 00:00:06


+--------------------------------------------+
; Analysis & Elaboration Suppressed Messages ;
+--------------------------------------------+
The suppressed messages can be found in C:/Users/josea/Documents/SystemVerilog/crodriguez_jarroyo_nvargas_digital_design_lab_2024/Proyecto/output_files/pipeline.map.smsg.


